// Jest Snapshot v1, https://goo.gl/fbAQLP

exports[`测试<Button> snapshots render button1 1`] = `
.c0 {
  display: block;
  outline: 0 none;
  box-sizing: border-box;
  padding: 0;
  text-align: center;
  font-size: 36px;
  font-weight: 400;
  height: 4.6rem;
  line-height: 4.6rem;
  color: #000;
  background-color: #fff;
  border: 1px solid #ddd;
  opacity: 1;
  border-radius: 0.5rem;
  overflow: hidden;
  text-overflow: ellipsis;
  word-break: break-word;
  white-space: nowrap;
}

.c0:active {
  background-color: #ddd;
}

<a
  class="c0"
>
  sssa
</a>
`;
